Archive member included to satisfy reference by file (symbol)

c:/program files (x86)/gnu tools arm embedded/9 2019-q4-major/bin/../lib/gcc/arm-none-eabi/9.2.1/../../../../arm-none-eabi/lib/thumb/v6-m/nofp\libc_nano.a(lib_a-exit.o)
                              c:/program files (x86)/gnu tools arm embedded/9 2019-q4-major/bin/../lib/gcc/arm-none-eabi/9.2.1/../../../../arm-none-eabi/lib/thumb/v6-m/nofp/crt0.o (exit)
c:/program files (x86)/gnu tools arm embedded/9 2019-q4-major/bin/../lib/gcc/arm-none-eabi/9.2.1/../../../../arm-none-eabi/lib/thumb/v6-m/nofp\libc_nano.a(lib_a-impure.o)
                              c:/program files (x86)/gnu tools arm embedded/9 2019-q4-major/bin/../lib/gcc/arm-none-eabi/9.2.1/../../../../arm-none-eabi/lib/thumb/v6-m/nofp\libc_nano.a(lib_a-exit.o) (_global_impure_ptr)
c:/program files (x86)/gnu tools arm embedded/9 2019-q4-major/bin/../lib/gcc/arm-none-eabi/9.2.1/../../../../arm-none-eabi/lib/thumb/v6-m/nofp\libc_nano.a(lib_a-init.o)
                              c:/program files (x86)/gnu tools arm embedded/9 2019-q4-major/bin/../lib/gcc/arm-none-eabi/9.2.1/../../../../arm-none-eabi/lib/thumb/v6-m/nofp/crt0.o (__libc_init_array)
c:/program files (x86)/gnu tools arm embedded/9 2019-q4-major/bin/../lib/gcc/arm-none-eabi/9.2.1/../../../../arm-none-eabi/lib/thumb/v6-m/nofp\libc_nano.a(lib_a-memset.o)
                              c:/program files (x86)/gnu tools arm embedded/9 2019-q4-major/bin/../lib/gcc/arm-none-eabi/9.2.1/../../../../arm-none-eabi/lib/thumb/v6-m/nofp/crt0.o (memset)
c:/program files (x86)/gnu tools arm embedded/9 2019-q4-major/bin/../lib/gcc/arm-none-eabi/9.2.1/../../../../arm-none-eabi/lib/thumb/v6-m/nofp\libnosys.a(_exit.o)
                              c:/program files (x86)/gnu tools arm embedded/9 2019-q4-major/bin/../lib/gcc/arm-none-eabi/9.2.1/../../../../arm-none-eabi/lib/thumb/v6-m/nofp\libc_nano.a(lib_a-exit.o) (_exit)
c:/program files (x86)/gnu tools arm embedded/9 2019-q4-major/bin/../lib/gcc/arm-none-eabi/9.2.1/thumb/v6-m/nofp\libgcc.a(_udivsi3.o)
                              build/stm32f0xx_hal_uart.o (__aeabi_uidiv)
c:/program files (x86)/gnu tools arm embedded/9 2019-q4-major/bin/../lib/gcc/arm-none-eabi/9.2.1/thumb/v6-m/nofp\libgcc.a(_dvmd_tls.o)
                              c:/program files (x86)/gnu tools arm embedded/9 2019-q4-major/bin/../lib/gcc/arm-none-eabi/9.2.1/thumb/v6-m/nofp\libgcc.a(_udivsi3.o) (__aeabi_idiv0)

Allocating common symbols
Common symbol       size              file

uwTick              0x4               build/stm32f0xx_hal.o
pFlash              0x20              build/stm32f0xx_hal_flash.o
huart1              0x80              build/main.o
huart2              0x80              build/main.o

Discarded input sections

 .text          0x00000000        0x0 c:/program files (x86)/gnu tools arm embedded/9 2019-q4-major/bin/../lib/gcc/arm-none-eabi/9.2.1/thumb/v6-m/nofp/crti.o
 .data          0x00000000        0x0 c:/program files (x86)/gnu tools arm embedded/9 2019-q4-major/bin/../lib/gcc/arm-none-eabi/9.2.1/thumb/v6-m/nofp/crti.o
 .bss           0x00000000        0x0 c:/program files (x86)/gnu tools arm embedded/9 2019-q4-major/bin/../lib/gcc/arm-none-eabi/9.2.1/thumb/v6-m/nofp/crti.o
 .data          0x00000000        0x4 c:/program files (x86)/gnu tools arm embedded/9 2019-q4-major/bin/../lib/gcc/arm-none-eabi/9.2.1/thumb/v6-m/nofp/crtbegin.o
 .text          0x00000000       0x78 c:/program files (x86)/gnu tools arm embedded/9 2019-q4-major/bin/../lib/gcc/arm-none-eabi/9.2.1/../../../../arm-none-eabi/lib/thumb/v6-m/nofp/crt0.o
 .data          0x00000000        0x0 c:/program files (x86)/gnu tools arm embedded/9 2019-q4-major/bin/../lib/gcc/arm-none-eabi/9.2.1/../../../../arm-none-eabi/lib/thumb/v6-m/nofp/crt0.o
 .bss           0x00000000        0x0 c:/program files (x86)/gnu tools arm embedded/9 2019-q4-major/bin/../lib/gcc/arm-none-eabi/9.2.1/../../../../arm-none-eabi/lib/thumb/v6-m/nofp/crt0.o
 .ARM.extab     0x00000000        0x0 c:/program files (x86)/gnu tools arm embedded/9 2019-q4-major/bin/../lib/gcc/arm-none-eabi/9.2.1/../../../../arm-none-eabi/lib/thumb/v6-m/nofp/crt0.o
 .ARM.exidx     0x00000000        0x8 c:/program files (x86)/gnu tools arm embedded/9 2019-q4-major/bin/../lib/gcc/arm-none-eabi/9.2.1/../../../../arm-none-eabi/lib/thumb/v6-m/nofp/crt0.o
 .ARM.attributes
                0x00000000       0x1b c:/program files (x86)/gnu tools arm embedded/9 2019-q4-major/bin/../lib/gcc/arm-none-eabi/9.2.1/../../../../arm-none-eabi/lib/thumb/v6-m/nofp/crt0.o
 .text          0x00000000        0x0 build/main.o
 .data          0x00000000        0x0 build/main.o
 .bss           0x00000000        0x0 build/main.o
 .text.Error_Handler
                0x00000000        0x2 build/main.o
 .text          0x00000000        0x0 build/stm32f0xx_it.o
 .data          0x00000000        0x0 build/stm32f0xx_it.o
 .bss           0x00000000        0x0 build/stm32f0xx_it.o
[...]
Memory Configuration

Name             Origin             Length             Attributes
RAM              0x20000000         0x00008000         xrw
FLASH            0x08000000         0x00040000         xr
*default*        0x00000000         0xffffffff

Linker script and memory map

LOAD c:/program files (x86)/gnu tools arm embedded/9 2019-q4-major/bin/../lib/gcc/arm-none-eabi/9.2.1/thumb/v6-m/nofp/crti.o
LOAD c:/program files (x86)/gnu tools arm embedded/9 2019-q4-major/bin/../lib/gcc/arm-none-eabi/9.2.1/thumb/v6-m/nofp/crtbegin.o
LOAD c:/program files (x86)/gnu tools arm embedded/9 2019-q4-major/bin/../lib/gcc/arm-none-eabi/9.2.1/../../../../arm-none-eabi/lib/thumb/v6-m/nofp/crt0.o
LOAD build/main.o
LOAD build/stm32f0xx_it.o
LOAD build/stm32f0xx_hal_msp.o
LOAD build/stm32f0xx_hal_tim.o
LOAD build/stm32f0xx_hal_tim_ex.o
LOAD build/stm32f0xx_hal_uart.o
LOAD build/stm32f0xx_hal_uart_ex.o
LOAD build/stm32f0xx_hal_rcc.o
LOAD build/stm32f0xx_hal_rcc_ex.o
LOAD build/stm32f0xx_hal.o
LOAD build/stm32f0xx_hal_i2c.o
LOAD build/stm32f0xx_hal_i2c_ex.o
LOAD build/stm32f0xx_hal_gpio.o
LOAD build/stm32f0xx_hal_dma.o
LOAD build/stm32f0xx_hal_cortex.o
LOAD build/stm32f0xx_hal_pwr.o
LOAD build/stm32f0xx_hal_pwr_ex.o
LOAD build/stm32f0xx_hal_flash.o
LOAD build/stm32f0xx_hal_flash_ex.o
LOAD build/stm32f0xx_hal_exti.o
LOAD build/system_stm32f0xx.o
LOAD build/startup_stm32f091xc.o
LOAD c:/program files (x86)/gnu tools arm embedded/9 2019-q4-major/bin/../lib/gcc/arm-none-eabi/9.2.1/../../../../arm-none-eabi/lib/thumb/v6-m/nofp\libc_nano.a
LOAD c:/program files (x86)/gnu tools arm embedded/9 2019-q4-major/bin/../lib/gcc/arm-none-eabi/9.2.1/../../../../arm-none-eabi/lib/thumb/v6-m/nofp\libm.a
LOAD c:/program files (x86)/gnu tools arm embedded/9 2019-q4-major/bin/../lib/gcc/arm-none-eabi/9.2.1/../../../../arm-none-eabi/lib/thumb/v6-m/nofp\libnosys.a
START GROUP
LOAD c:/program files (x86)/gnu tools arm embedded/9 2019-q4-major/bin/../lib/gcc/arm-none-eabi/9.2.1/thumb/v6-m/nofp\libgcc.a
LOAD c:/program files (x86)/gnu tools arm embedded/9 2019-q4-major/bin/../lib/gcc/arm-none-eabi/9.2.1/../../../../arm-none-eabi/lib/thumb/v6-m/nofp\libc_nano.a
END GROUP
START GROUP
LOAD c:/program files (x86)/gnu tools arm embedded/9 2019-q4-major/bin/../lib/gcc/arm-none-eabi/9.2.1/thumb/v6-m/nofp\libgcc.a
LOAD c:/program files (x86)/gnu tools arm embedded/9 2019-q4-major/bin/../lib/gcc/arm-none-eabi/9.2.1/../../../../arm-none-eabi/lib/thumb/v6-m/nofp\libc_nano.a
END GROUP
LOAD c:/program files (x86)/gnu tools arm embedded/9 2019-q4-major/bin/../lib/gcc/arm-none-eabi/9.2.1/thumb/v6-m/nofp/crtend.o
LOAD c:/program files (x86)/gnu tools arm embedded/9 2019-q4-major/bin/../lib/gcc/arm-none-eabi/9.2.1/thumb/v6-m/nofp/crtn.o
                0x20008000                _estack = 0x20008000
                0x00000200                _Min_Heap_Size = 0x200
                0x00000400                _Min_Stack_Size = 0x400

.isr_vector     0x08000000       0xbc
                0x08000000                . = ALIGN (0x4)
 *(.isr_vector)
 .isr_vector    0x08000000       0xbc build/startup_stm32f091xc.o
                0x08000000                g_pfnVectors
                0x080000bc                . = ALIGN (0x4)

.text           0x080000bc     0x199c
                0x080000bc                . = ALIGN (0x4)
 *(.text)
 .text          0x080000bc       0x48 c:/program files (x86)/gnu tools arm embedded/9 2019-q4-major/bin/../lib/gcc/arm-none-eabi/9.2.1/thumb/v6-m/nofp/crtbegin.o
 .text          0x08000104      0x114 c:/program files (x86)/gnu tools arm embedded/9 2019-q4-major/bin/../lib/gcc/arm-none-eabi/9.2.1/thumb/v6-m/nofp\libgcc.a(_udivsi3.o)
                0x08000104                __aeabi_uidiv
                0x08000104                __udivsi3
                0x08000210                __aeabi_uidivmod
 .text          0x08000218        0x4 c:/program files (x86)/gnu tools arm embedded/9 2019-q4-major/bin/../lib/gcc/arm-none-eabi/9.2.1/thumb/v6-m/nofp\libgcc.a(_dvmd_tls.o)
                0x08000218                __aeabi_idiv0
                0x08000218                __aeabi_ldiv0
 *(.text*)
 .text.MX_GPIO_Init
                0x0800021c       0x74 build/main.o
 .text.LED_GPIO_Init
                0x08000290       0x48 build/main.o
 .text.KEY_EXTI_Init
                0x080002d8       0x4c build/main.o
 .text.MX_USART2_UART_Init
                0x08000324       0x40 build/main.o
 .text.SystemClock_Config
                0x08000364       0x66 build/main.o
                0x08000364                SystemClock_Config
 *fill*         0x080003ca        0x2 
 .text.HAL_GPIO_EXTI_Callback
                0x080003cc       0x10 build/main.o
                0x080003cc                HAL_GPIO_EXTI_Callback
 .text.HAL_UART_TxCpltCallback
                0x080003dc       0x1c build/main.o
                0x080003dc                HAL_UART_TxCpltCallback
 .text.MY_USART1_UART_Init
                0x080003f8       0x2c build/main.o
                0x080003f8                MY_USART1_UART_Init
 .text.main     0x08000424       0x48 build/main.o
                0x08000424                main
 .text.NMI_Handler
                0x0800046c        0x2 build/stm32f0xx_it.o
                0x0800046c                NMI_Handler
 .text.HardFault_Handler
                0x0800046e        0x2 build/stm32f0xx_it.o
                0x0800046e                HardFault_Handler
 .text.SVC_Handler
                0x08000470        0x2 build/stm32f0xx_it.o
                0x08000470                SVC_Handler
 .text.PendSV_Handler
                0x08000472        0x2 build/stm32f0xx_it.o
                0x08000472                PendSV_Handler
 .text.SysTick_Handler
                0x08000474        0x8 build/stm32f0xx_it.o
                0x08000474                SysTick_Handler
 .text.EXTI4_15_IRQHandler
                0x0800047c       0x14 build/stm32f0xx_it.o
                0x0800047c                EXTI4_15_IRQHandler
 .text.USART2_IRQHandler
                0x08000490       0x10 build/stm32f0xx_it.o
                0x08000490                USART2_IRQHandler
 .text.HAL_MspInit
                0x080004a0       0x30 build/stm32f0xx_hal_msp.o
                0x080004a0                HAL_MspInit
 .text.HAL_UART_MspInit
                0x080004d0       0xb4 build/stm32f0xx_hal_msp.o
                0x080004d0                HAL_UART_MspInit
 .text.UART_EndRxTransfer
                0x08000584       0x24 build/stm32f0xx_hal_uart.o
 .text.UART_EndTransmit_IT
                0x080005a8       0x1a build/stm32f0xx_hal_uart.o
 .text.HAL_UART_ErrorCallback
                0x080005c2        0x2 build/stm32f0xx_hal_uart.o
                0x080005c2                HAL_UART_ErrorCallback
 .text.HAL_UART_IRQHandler
                0x080005c4      0x170 build/stm32f0xx_hal_uart.o
                0x080005c4                HAL_UART_IRQHandler
 .text.UART_DMAAbortOnError
                0x08000734       0x14 build/stm32f0xx_hal_uart.o
 .text.UART_SetConfig
                0x08000748      0x2c8 build/stm32f0xx_hal_uart.o
                0x08000748                UART_SetConfig
 .text.UART_AdvFeatureConfig
                0x08000a10       0xe0 build/stm32f0xx_hal_uart.o
                0x08000a10                UART_AdvFeatureConfig
 .text.UART_WaitOnFlagUntilTimeout
                0x08000af0       0xac build/stm32f0xx_hal_uart.o
                0x08000af0                UART_WaitOnFlagUntilTimeout
 .text.HAL_UART_Transmit
                0x08000b9c      0x100 build/stm32f0xx_hal_uart.o
                0x08000b9c                HAL_UART_Transmit
 .text.UART_CheckIdleState
                0x08000c9c       0x6c build/stm32f0xx_hal_uart.o
                0x08000c9c                UART_CheckIdleState
 .text.HAL_UART_Init
                0x08000d08       0x6c build/stm32f0xx_hal_uart.o
                0x08000d08                HAL_UART_Init
 .text.HAL_UARTEx_WakeupCallback
                0x08000d74        0x2 build/stm32f0xx_hal_uart_ex.o
                0x08000d74                HAL_UARTEx_WakeupCallback
 *fill*         0x08000d76        0x2 
 .text.HAL_RCC_OscConfig
                0x08000d78      0x544 build/stm32f0xx_hal_rcc.o
                0x08000d78                HAL_RCC_OscConfig
 .text.HAL_RCC_GetSysClockFreq
                0x080012bc       0x94 build/stm32f0xx_hal_rcc.o
                0x080012bc                HAL_RCC_GetSysClockFreq
 .text.HAL_RCC_ClockConfig
                0x08001350      0x144 build/stm32f0xx_hal_rcc.o
                0x08001350                HAL_RCC_ClockConfig
 .text.HAL_RCC_GetHCLKFreq
                0x08001494        0xc build/stm32f0xx_hal_rcc.o
                0x08001494                HAL_RCC_GetHCLKFreq
 .text.HAL_RCC_GetPCLK1Freq
                0x080014a0       0x20 build/stm32f0xx_hal_rcc.o
                0x080014a0                HAL_RCC_GetPCLK1Freq
 .text.HAL_RCCEx_PeriphCLKConfig
                0x080014c0      0x160 build/stm32f0xx_hal_rcc_ex.o
                0x080014c0                HAL_RCCEx_PeriphCLKConfig
 .text.HAL_InitTick
                0x08001620       0x50 build/stm32f0xx_hal.o
                0x08001620                HAL_InitTick
 .text.HAL_Init
                0x08001670       0x20 build/stm32f0xx_hal.o
                0x08001670                HAL_Init
 .text.HAL_IncTick
                0x08001690       0x18 build/stm32f0xx_hal.o
                0x08001690                HAL_IncTick
 .text.HAL_GetTick
                0x080016a8        0xc build/stm32f0xx_hal.o
                0x080016a8                HAL_GetTick
 .text.HAL_Delay
                0x080016b4       0x24 build/stm32f0xx_hal.o
                0x080016b4                HAL_Delay
 .text.HAL_GPIO_Init
                0x080016d8      0x1a0 build/stm32f0xx_hal_gpio.o
                0x080016d8                HAL_GPIO_Init
 .text.HAL_GPIO_WritePin
                0x08001878        0xc build/stm32f0xx_hal_gpio.o
                0x08001878                HAL_GPIO_WritePin
 .text.HAL_GPIO_TogglePin
                0x08001884       0x10 build/stm32f0xx_hal_gpio.o
                0x08001884                HAL_GPIO_TogglePin
 .text.HAL_DMA_Abort_IT
                0x08001894       0x4a build/stm32f0xx_hal_dma.o
                0x08001894                HAL_DMA_Abort_IT
 *fill*         0x080018de        0x2 
 .text.HAL_NVIC_SetPriority
                0x080018e0       0x60 build/stm32f0xx_hal_cortex.o
                0x080018e0                HAL_NVIC_SetPriority
 .text.HAL_NVIC_EnableIRQ
                0x08001940       0x18 build/stm32f0xx_hal_cortex.o
                0x08001940                HAL_NVIC_EnableIRQ
 .text.HAL_SYSTICK_Config
                0x08001958       0x38 build/stm32f0xx_hal_cortex.o
                0x08001958                HAL_SYSTICK_Config
 .text.SystemInit
                0x08001990        0x2 build/system_stm32f0xx.o
                0x08001990                SystemInit
 *fill*         0x08001992        0x2 
 .text.Reset_Handler
                0x08001994       0x50 build/startup_stm32f091xc.o
                0x08001994                Reset_Handler
 .text.Default_Handler
                0x080019e4        0x2 build/startup_stm32f091xc.o
                0x080019e4                TIM1_CC_IRQHandler
                0x080019e4                TSC_IRQHandler
                0x080019e4                ADC1_COMP_IRQHandler
                0x080019e4                I2C1_IRQHandler
                0x080019e4                RCC_CRS_IRQHandler
                0x080019e4                SPI1_IRQHandler
                0x080019e4                TIM6_DAC_IRQHandler
                0x080019e4                DMA1_Ch1_IRQHandler
                0x080019e4                EXTI2_3_IRQHandler
                0x080019e4                I2C2_IRQHandler
                0x080019e4                TIM17_IRQHandler
                0x080019e4                CEC_CAN_IRQHandler
                0x080019e4                RTC_IRQHandler
                0x080019e4                PVD_VDDIO2_IRQHandler
                0x080019e4                TIM16_IRQHandler
                0x080019e4                TIM3_IRQHandler
                0x080019e4                USART3_8_IRQHandler
                0x080019e4                Default_Handler
                0x080019e4                TIM14_IRQHandler
                0x080019e4                TIM7_IRQHandler
                0x080019e4                TIM15_IRQHandler
                0x080019e4                EXTI0_1_IRQHandler
                0x080019e4                SPI2_IRQHandler
                0x080019e4                DMA1_Ch2_3_DMA2_Ch1_2_IRQHandler
                0x080019e4                DMA1_Ch4_7_DMA2_Ch3_5_IRQHandler
                0x080019e4                WWDG_IRQHandler
                0x080019e4                TIM2_IRQHandler
                0x080019e4                FLASH_IRQHandler
                0x080019e4                USART1_IRQHandler
                0x080019e4                TIM1_BRK_UP_TRG_COM_IRQHandler
 *fill*         0x080019e6        0x2 
 .text.__libc_init_array
                0x080019e8       0x48 c:/program files (x86)/gnu tools arm embedded/9 2019-q4-major/bin/../lib/gcc/arm-none-eabi/9.2.1/../../../../arm-none-eabi/lib/thumb/v6-m/nofp\libc_nano.a(lib_a-init.o)
                0x080019e8                __libc_init_array
 .text.memset   0x08001a30       0x10 c:/program files (x86)/gnu tools arm embedded/9 2019-q4-major/bin/../lib/gcc/arm-none-eabi/9.2.1/../../../../arm-none-eabi/lib/thumb/v6-m/nofp\libc_nano.a(lib_a-memset.o)
                0x08001a30                memset
 *(.glue_7)
 .glue_7        0x08001a40        0x0 linker stubs
 *(.glue_7t)
 .glue_7t       0x08001a40        0x0 linker stubs
 *(.eh_frame)
 .eh_frame      0x08001a40        0x0 c:/program files (x86)/gnu tools arm embedded/9 2019-q4-major/bin/../lib/gcc/arm-none-eabi/9.2.1/thumb/v6-m/nofp/crtbegin.o
 *(.init)
 .init          0x08001a40        0x4 c:/program files (x86)/gnu tools arm embedded/9 2019-q4-major/bin/../lib/gcc/arm-none-eabi/9.2.1/thumb/v6-m/nofp/crti.o
                0x08001a40                _init
 .init          0x08001a44        0x8 c:/program files (x86)/gnu tools arm embedded/9 2019-q4-major/bin/../lib/gcc/arm-none-eabi/9.2.1/thumb/v6-m/nofp/crtn.o
 *(.fini)
 .fini          0x08001a4c        0x4 c:/program files (x86)/gnu tools arm embedded/9 2019-q4-major/bin/../lib/gcc/arm-none-eabi/9.2.1/thumb/v6-m/nofp/crti.o
                0x08001a4c                _fini
 .fini          0x08001a50        0x8 c:/program files (x86)/gnu tools arm embedded/9 2019-q4-major/bin/../lib/gcc/arm-none-eabi/9.2.1/thumb/v6-m/nofp/crtn.o
                0x08001a58                . = ALIGN (0x4)
                0x08001a58                _etext = .

.vfp11_veneer   0x08001a58        0x0
 .vfp11_veneer  0x08001a58        0x0 linker stubs

.v4_bx          0x08001a58        0x0
 .v4_bx         0x08001a58        0x0 linker stubs

.iplt           0x08001a58        0x0
 .iplt          0x08001a58        0x0 c:/program files (x86)/gnu tools arm embedded/9 2019-q4-major/bin/../lib/gcc/arm-none-eabi/9.2.1/thumb/v6-m/nofp/crtbegin.o

.rodata         0x08001a58       0x48
                0x08001a58                . = ALIGN (0x4)
 *(.rodata)
 *(.rodata*)
 .rodata.main.str1.4
                0x08001a58        0x5 build/main.o
 *fill*         0x08001a5d        0x3 
 .rodata.HAL_RCC_GetSysClockFreq.str1.4
                0x08001a60       0x25 build/stm32f0xx_hal_rcc.o
 *fill*         0x08001a85        0x3 
 .rodata.AHBPrescTable
                0x08001a88       0x10 build/system_stm32f0xx.o
                0x08001a88                AHBPrescTable
 .rodata.APBPrescTable
                0x08001a98        0x8 build/system_stm32f0xx.o
                0x08001a98                APBPrescTable
                0x08001aa0                . = ALIGN (0x4)

.rel.dyn        0x08001aa0        0x0
 .rel.iplt      0x08001aa0        0x0 c:/program files (x86)/gnu tools arm embedded/9 2019-q4-major/bin/../lib/gcc/arm-none-eabi/9.2.1/thumb/v6-m/nofp/crtbegin.o

.ARM.extab
 *(.ARM.extab* .gnu.linkonce.armextab.*)

.ARM            0x08001aa0        0x0
                0x08001aa0                __exidx_start = .
 *(.ARM.exidx*)
                0x08001aa0                __exidx_end = .

.preinit_array  0x08001aa0        0x0
                0x08001aa0                PROVIDE (__preinit_array_start = .)
 *(.preinit_array*)
                0x08001aa0                PROVIDE (__preinit_array_end = .)

.init_array     0x08001aa0        0x4
                0x08001aa0                PROVIDE (__init_array_start = .)
 *(SORT_BY_NAME(.init_array.*))
 *(.init_array*)
 .init_array    0x08001aa0        0x4 c:/program files (x86)/gnu tools arm embedded/9 2019-q4-major/bin/../lib/gcc/arm-none-eabi/9.2.1/thumb/v6-m/nofp/crtbegin.o
                0x08001aa4                PROVIDE (__init_array_end = .)

.fini_array     0x08001aa4        0x4
                [!provide]                PROVIDE (__fini_array_start = .)
 *(SORT_BY_NAME(.fini_array.*))
 *(.fini_array*)
 .fini_array    0x08001aa4        0x4 c:/program files (x86)/gnu tools arm embedded/9 2019-q4-major/bin/../lib/gcc/arm-none-eabi/9.2.1/thumb/v6-m/nofp/crtbegin.o
                [!provide]                PROVIDE (__fini_array_end = .)
                0x08001aa8                _sidata = LOADADDR (.data)

.data           0x20000000        0xc load address 0x08001aa8
                0x20000000                . = ALIGN (0x4)
                0x20000000                _sdata = .
 *(.data)
 *(.data*)
 .data.uwTickFreq
                0x20000000        0x1 build/stm32f0xx_hal.o
                0x20000000                uwTickFreq
 *fill*         0x20000001        0x3 
 .data.uwTickPrio
                0x20000004        0x4 build/stm32f0xx_hal.o
                0x20000004                uwTickPrio
 .data.SystemCoreClock
                0x20000008        0x4 build/system_stm32f0xx.o
                0x20000008                SystemCoreClock
                0x2000000c                . = ALIGN (0x4)
                0x2000000c                _edata = .

.igot.plt       0x2000000c        0x0 load address 0x08001ab4
 .igot.plt      0x2000000c        0x0 c:/program files (x86)/gnu tools arm embedded/9 2019-q4-major/bin/../lib/gcc/arm-none-eabi/9.2.1/thumb/v6-m/nofp/crtbegin.o
                0x2000000c                . = ALIGN (0x4)

.bss            0x2000000c      0x120 load address 0x08001ab4
                0x2000000c                _sbss = .
                0x2000000c                __bss_start__ = _sbss
 *(.bss)
 .bss           0x2000000c       0x1c c:/program files (x86)/gnu tools arm embedded/9 2019-q4-major/bin/../lib/gcc/arm-none-eabi/9.2.1/thumb/v6-m/nofp/crtbegin.o
 *(.bss*)
 *(COMMON)
 COMMON         0x20000028      0x100 build/main.o
                0x20000028                huart1
                0x200000a8                huart2
 COMMON         0x20000128        0x4 build/stm32f0xx_hal.o
                0x20000128                uwTick
                0x2000012c                . = ALIGN (0x4)
                0x2000012c                _ebss = .
                0x2000012c                __bss_end__ = _ebss

._user_heap_stack
                0x2000012c      0x604 load address 0x08001ab4
                0x20000130                . = ALIGN (0x8)
 *fill*         0x2000012c        0x4 
                [!provide]                PROVIDE (end = .)
                [!provide]                PROVIDE (_end = .)
                0x20000330                . = (. + _Min_Heap_Size)
 *fill*         0x20000130      0x200 
                0x20000730                . = (. + _Min_Stack_Size)
 *fill*         0x20000330      0x400 
                0x20000730                . = ALIGN (0x8)

/DISCARD/
 libc.a(*)
 libm.a(*)
 libgcc.a(*)

.ARM.attributes
                0x00000000       0x28
 *(.ARM.attributes)
 .ARM.attributes
                0x00000000       0x1e c:/program files (x86)/gnu tools arm embedded/9 2019-q4-major/bin/../lib/gcc/arm-none-eabi/9.2.1/thumb/v6-m/nofp/crti.o
 .ARM.attributes
                0x0000001e       0x2c c:/program files (x86)/gnu tools arm embedded/9 2019-q4-major/bin/../lib/gcc/arm-none-eabi/9.2.1/thumb/v6-m/nofp/crtbegin.o
 .ARM.attributes
                0x0000004a       0x2c build/main.o
 .ARM.attributes
                0x00000076       0x2c build/stm32f0xx_it.o
 .ARM.attributes
                0x000000a2       0x2c build/stm32f0xx_hal_msp.o
 .ARM.attributes
                0x000000ce       0x2c build/stm32f0xx_hal_uart.o
 .ARM.attributes
                0x000000fa       0x2c build/stm32f0xx_hal_uart_ex.o
 .ARM.attributes
                0x00000126       0x2c build/stm32f0xx_hal_rcc.o
 .ARM.attributes
                0x00000152       0x2c build/stm32f0xx_hal_rcc_ex.o
 .ARM.attributes
                0x0000017e       0x2c build/stm32f0xx_hal.o
 .ARM.attributes
                0x000001aa       0x2c build/stm32f0xx_hal_gpio.o
 .ARM.attributes
                0x000001d6       0x2c build/stm32f0xx_hal_dma.o
 .ARM.attributes
                0x00000202       0x2c build/stm32f0xx_hal_cortex.o
 .ARM.attributes
                0x0000022e       0x2c build/system_stm32f0xx.o
 .ARM.attributes
                0x0000025a       0x21 build/startup_stm32f091xc.o
 .ARM.attributes
                0x0000027b       0x2c c:/program files (x86)/gnu tools arm embedded/9 2019-q4-major/bin/../lib/gcc/arm-none-eabi/9.2.1/../../../../arm-none-eabi/lib/thumb/v6-m/nofp\libc_nano.a(lib_a-init.o)
 .ARM.attributes
                0x000002a7       0x2c c:/program files (x86)/gnu tools arm embedded/9 2019-q4-major/bin/../lib/gcc/arm-none-eabi/9.2.1/../../../../arm-none-eabi/lib/thumb/v6-m/nofp\libc_nano.a(lib_a-memset.o)
 .ARM.attributes
                0x000002d3       0x1e c:/program files (x86)/gnu tools arm embedded/9 2019-q4-major/bin/../lib/gcc/arm-none-eabi/9.2.1/thumb/v6-m/nofp\libgcc.a(_udivsi3.o)
 .ARM.attributes
                0x000002f1       0x1e c:/program files (x86)/gnu tools arm embedded/9 2019-q4-major/bin/../lib/gcc/arm-none-eabi/9.2.1/thumb/v6-m/nofp\libgcc.a(_dvmd_tls.o)
 .ARM.attributes
                0x0000030f       0x1e c:/program files (x86)/gnu tools arm embedded/9 2019-q4-major/bin/../lib/gcc/arm-none-eabi/9.2.1/thumb/v6-m/nofp/crtn.o
OUTPUT(build/09-EXTI.elf elf32-littlearm)

.debug_info     0x00000000     0x8dc4
 .debug_info    0x00000000     0x1267 build/main.o
 .debug_info    0x00001267      0x919 build/stm32f0xx_it.o
 .debug_info    0x00001b80      0xb9a build/stm32f0xx_hal_msp.o
 .debug_info    0x0000271a     0x205b build/stm32f0xx_hal_uart.o
 .debug_info    0x00004775      0xb33 build/stm32f0xx_hal_uart_ex.o
 .debug_info    0x000052a8      0xba9 build/stm32f0xx_hal_rcc.o
 .debug_info    0x00005e51      0x840 build/stm32f0xx_hal_rcc_ex.o
 .debug_info    0x00006691      0x863 build/stm32f0xx_hal.o
 .debug_info    0x00006ef4      0x7f2 build/stm32f0xx_hal_gpio.o
 .debug_info    0x000076e6      0xa13 build/stm32f0xx_hal_dma.o
 .debug_info    0x000080f9      0x9a1 build/stm32f0xx_hal_cortex.o
 .debug_info    0x00008a9a      0x308 build/system_stm32f0xx.o
 .debug_info    0x00008da2       0x22 build/startup_stm32f091xc.o

.debug_abbrev   0x00000000     0x1b66
 .debug_abbrev  0x00000000      0x2a1 build/main.o
 .debug_abbrev  0x000002a1      0x1b4 build/stm32f0xx_it.o
 .debug_abbrev  0x00000455      0x1f2 build/stm32f0xx_hal_msp.o
 .debug_abbrev  0x00000647      0x2ac build/stm32f0xx_hal_uart.o
 .debug_abbrev  0x000008f3      0x25e build/stm32f0xx_hal_uart_ex.o
 .debug_abbrev  0x00000b51      0x2a4 build/stm32f0xx_hal_rcc.o
 .debug_abbrev  0x00000df5      0x220 build/stm32f0xx_hal_rcc_ex.o
 .debug_abbrev  0x00001015      0x23a build/stm32f0xx_hal.o
 .debug_abbrev  0x0000124f      0x25e build/stm32f0xx_hal_gpio.o
 .debug_abbrev  0x000014ad      0x28c build/stm32f0xx_hal_dma.o
 .debug_abbrev  0x00001739      0x2d1 build/stm32f0xx_hal_cortex.o
 .debug_abbrev  0x00001a0a      0x14a build/system_stm32f0xx.o
 .debug_abbrev  0x00001b54       0x12 build/startup_stm32f091xc.o

.debug_loc      0x00000000     0x51a0
 .debug_loc     0x00000000      0x1b8 build/main.o
 .debug_loc     0x000001b8       0x60 build/stm32f0xx_it.o
 .debug_loc     0x00000218       0xed build/stm32f0xx_hal_msp.o
 .debug_loc     0x00000305     0x23e6 build/stm32f0xx_hal_uart.o
 .debug_loc     0x000026eb      0x41b build/stm32f0xx_hal_uart_ex.o
 .debug_loc     0x00002b06      0x7d8 build/stm32f0xx_hal_rcc.o
 .debug_loc     0x000032de      0x844 build/stm32f0xx_hal_rcc_ex.o
 .debug_loc     0x00003b22      0x1e1 build/stm32f0xx_hal.o
 .debug_loc     0x00003d03      0x41f build/stm32f0xx_hal_gpio.o
 .debug_loc     0x00004122      0xa94 build/stm32f0xx_hal_dma.o
 .debug_loc     0x00004bb6      0x473 build/stm32f0xx_hal_cortex.o
 .debug_loc     0x00005029      0x177 build/system_stm32f0xx.o

.debug_aranges  0x00000000      0x6b8
 .debug_aranges
                0x00000000       0x68 build/main.o
 .debug_aranges
                0x00000068       0x50 build/stm32f0xx_it.o
 .debug_aranges
                0x000000b8       0x30 build/stm32f0xx_hal_msp.o
 .debug_aranges
                0x000000e8      0x210 build/stm32f0xx_hal_uart.o
 .debug_aranges
                0x000002f8       0x50 build/stm32f0xx_hal_uart_ex.o
 .debug_aranges
                0x00000348       0x80 build/stm32f0xx_hal_rcc.o
 .debug_aranges
                0x000003c8       0x78 build/stm32f0xx_hal_rcc_ex.o
 .debug_aranges
                0x00000440       0xd0 build/stm32f0xx_hal.o
 .debug_aranges
                0x00000510       0x58 build/stm32f0xx_hal_gpio.o
 .debug_aranges
                0x00000568       0x88 build/stm32f0xx_hal_dma.o
 .debug_aranges
                0x000005f0       0x78 build/stm32f0xx_hal_cortex.o
 .debug_aranges
                0x00000668       0x28 build/system_stm32f0xx.o
 .debug_aranges
                0x00000690       0x28 build/startup_stm32f091xc.o

.debug_ranges   0x00000000      0x680
 .debug_ranges  0x00000000       0x58 build/main.o
 .debug_ranges  0x00000058       0x40 build/stm32f0xx_it.o
 .debug_ranges  0x00000098       0x20 build/stm32f0xx_hal_msp.o
 .debug_ranges  0x000000b8      0x200 build/stm32f0xx_hal_uart.o
 .debug_ranges  0x000002b8       0x40 build/stm32f0xx_hal_uart_ex.o
 .debug_ranges  0x000002f8       0x88 build/stm32f0xx_hal_rcc.o
 .debug_ranges  0x00000380       0x80 build/stm32f0xx_hal_rcc_ex.o
 .debug_ranges  0x00000400       0xc0 build/stm32f0xx_hal.o
 .debug_ranges  0x000004c0       0x48 build/stm32f0xx_hal_gpio.o
 .debug_ranges  0x00000508       0x78 build/stm32f0xx_hal_dma.o
 .debug_ranges  0x00000580       0xc8 build/stm32f0xx_hal_cortex.o
 .debug_ranges  0x00000648       0x18 build/system_stm32f0xx.o
 .debug_ranges  0x00000660       0x20 build/startup_stm32f091xc.o

.debug_line     0x00000000     0x6457
 .debug_line    0x00000000      0x529 build/main.o
 .debug_line    0x00000529      0x2a3 build/stm32f0xx_it.o
 .debug_line    0x000007cc      0x30d build/stm32f0xx_hal_msp.o
 .debug_line    0x00000ad9     0x2185 build/stm32f0xx_hal_uart.o
 .debug_line    0x00002c5e      0x450 build/stm32f0xx_hal_uart_ex.o
 .debug_line    0x000030ae      0xc4f build/stm32f0xx_hal_rcc.o
 .debug_line    0x00003cfd      0x93d build/stm32f0xx_hal_rcc_ex.o
 .debug_line    0x0000463a      0x50a build/stm32f0xx_hal.o
 .debug_line    0x00004b44      0x692 build/stm32f0xx_hal_gpio.o
 .debug_line    0x000051d6      0xa37 build/stm32f0xx_hal_dma.o
 .debug_line    0x00005c0d      0x560 build/stm32f0xx_hal_cortex.o
 .debug_line    0x0000616d      0x273 build/system_stm32f0xx.o
 .debug_line    0x000063e0       0x77 build/startup_stm32f091xc.o

.debug_str      0x00000000     0x21e2
 .debug_str     0x00000000      0xc0b build/main.o
                                0xcad (size before relaxing)
 .debug_str     0x00000c0b       0xbf build/stm32f0xx_it.o
                                0x71e (size before relaxing)
 .debug_str     0x00000cca       0x58 build/stm32f0xx_hal_msp.o
                                0x78e (size before relaxing)
 .debug_str     0x00000d22      0x7a5 build/stm32f0xx_hal_uart.o
                                0xebd (size before relaxing)
 .debug_str     0x000014c7      0x14c build/stm32f0xx_hal_uart_ex.o
                                0x873 (size before relaxing)
 .debug_str     0x00001613      0x1cc build/stm32f0xx_hal_rcc.o
                                0x6e1 (size before relaxing)
 .debug_str     0x000017df      0x27f build/stm32f0xx_hal_rcc_ex.o
                                0x6bd (size before relaxing)
 .debug_str     0x00001a5e      0x1db build/stm32f0xx_hal.o
                                0x72f (size before relaxing)
 .debug_str     0x00001c39       0xc9 build/stm32f0xx_hal_gpio.o
                                0x4e1 (size before relaxing)
 .debug_str     0x00001d02      0x204 build/stm32f0xx_hal_dma.o
                                0x6f1 (size before relaxing)
 .debug_str     0x00001f06      0x261 build/stm32f0xx_hal_cortex.o
                                0x719 (size before relaxing)
 .debug_str     0x00002167       0x57 build/system_stm32f0xx.o
                                0x2f8 (size before relaxing)
 .debug_str     0x000021be       0x24 build/startup_stm32f091xc.o
                                 0x5d (size before relaxing)

.comment        0x00000000       0x79
 .comment       0x00000000       0x79 build/main.o
                                 0x7a (size before relaxing)
 .comment       0x00000079       0x7a build/stm32f0xx_it.o
 .comment       0x00000079       0x7a build/stm32f0xx_hal_msp.o
 .comment       0x00000079       0x7a build/stm32f0xx_hal_uart.o
 .comment       0x00000079       0x7a build/stm32f0xx_hal_uart_ex.o
 .comment       0x00000079       0x7a build/stm32f0xx_hal_rcc.o
 .comment       0x00000079       0x7a build/stm32f0xx_hal_rcc_ex.o
 .comment       0x00000079       0x7a build/stm32f0xx_hal.o
 .comment       0x00000079       0x7a build/stm32f0xx_hal_gpio.o
 .comment       0x00000079       0x7a build/stm32f0xx_hal_dma.o
 .comment       0x00000079       0x7a build/stm32f0xx_hal_cortex.o
 .comment       0x00000079       0x7a build/system_stm32f0xx.o

.debug_frame    0x00000000     0x1174
 .debug_frame   0x00000000      0x120 build/main.o
 .debug_frame   0x00000120       0xa4 build/stm32f0xx_it.o
 .debug_frame   0x000001c4       0x5c build/stm32f0xx_hal_msp.o
 .debug_frame   0x00000220      0x658 build/stm32f0xx_hal_uart.o
 .debug_frame   0x00000878       0xd0 build/stm32f0xx_hal_uart_ex.o
 .debug_frame   0x00000948      0x158 build/stm32f0xx_hal_rcc.o
 .debug_frame   0x00000aa0      0x10c build/stm32f0xx_hal_rcc_ex.o
 .debug_frame   0x00000bac      0x1c0 build/stm32f0xx_hal.o
 .debug_frame   0x00000d6c       0xdc build/stm32f0xx_hal_gpio.o
 .debug_frame   0x00000e48      0x198 build/stm32f0xx_hal_dma.o
 .debug_frame   0x00000fe0       0xec build/stm32f0xx_hal_cortex.o
 .debug_frame   0x000010cc       0x3c build/system_stm32f0xx.o
 .debug_frame   0x00001108       0x2c c:/program files (x86)/gnu tools arm embedded/9 2019-q4-major/bin/../lib/gcc/arm-none-eabi/9.2.1/../../../../arm-none-eabi/lib/thumb/v6-m/nofp\libc_nano.a(lib_a-init.o)
 .debug_frame   0x00001134       0x20 c:/program files (x86)/gnu tools arm embedded/9 2019-q4-major/bin/../lib/gcc/arm-none-eabi/9.2.1/../../../../arm-none-eabi/lib/thumb/v6-m/nofp\libc_nano.a(lib_a-memset.o)
 .debug_frame   0x00001154       0x20 c:/program files (x86)/gnu tools arm embedded/9 2019-q4-major/bin/../lib/gcc/arm-none-eabi/9.2.1/thumb/v6-m/nofp\libgcc.a(_udivsi3.o)

Cross Reference Table

Symbol                                            File
ADC1_COMP_IRQHandler                              build/startup_stm32f091xc.o
AHBPrescTable                                     build/system_stm32f0xx.o
                                                  build/stm32f0xx_hal_rcc.o
APBPrescTable                                     build/system_stm32f0xx.o
                                                  build/stm32f0xx_hal_rcc.o
CEC_CAN_IRQHandler                                build/startup_stm32f091xc.o
DMA1_Ch1_IRQHandler                               build/startup_stm32f091xc.o
DMA1_Ch2_3_DMA2_Ch1_2_IRQHandler                  build/startup_stm32f091xc.o
DMA1_Ch4_7_DMA2_Ch3_5_IRQHandler                  build/startup_stm32f091xc.o
Default_Handler                                   build/startup_stm32f091xc.o
EXTI0_1_IRQHandler                                build/startup_stm32f091xc.o
EXTI2_3_IRQHandler                                build/startup_stm32f091xc.o
EXTI4_15_IRQHandler                               build/stm32f0xx_it.o
Error_Handler                                     build/main.o
FLASH_IRQHandler                                  build/startup_stm32f091xc.o
FLASH_PageErase                                   build/stm32f0xx_hal_flash_ex.o
                                                  build/stm32f0xx_hal_flash.o
FLASH_WaitForLastOperation                        build/stm32f0xx_hal_flash.o
                                                  build/stm32f0xx_hal_flash_ex.o
HAL_DBGMCU_DisableDBGStandbyMode                  build/stm32f0xx_hal.o
HAL_DBGMCU_DisableDBGStopMode                     build/stm32f0xx_hal.o
HAL_DBGMCU_EnableDBGStandbyMode                   build/stm32f0xx_hal.o
HAL_DBGMCU_EnableDBGStopMode                      build/stm32f0xx_hal.o
HAL_DMA_Abort                                     build/stm32f0xx_hal_dma.o
                                                  build/stm32f0xx_hal_uart.o
HAL_DMA_Abort_IT                                  build/stm32f0xx_hal_dma.o
                                                  build/stm32f0xx_hal_i2c.o
                                                  build/stm32f0xx_hal_uart.o
HAL_DMA_DeInit                                    build/stm32f0xx_hal_dma.o
HAL_DMA_GetError                                  build/stm32f0xx_hal_dma.o
                                                  build/stm32f0xx_hal_uart.o
HAL_DMA_GetState                                  build/stm32f0xx_hal_dma.o
                                                  build/stm32f0xx_hal_i2c.o
HAL_DMA_IRQHandler                                build/stm32f0xx_hal_dma.o
HAL_DMA_Init                                      build/stm32f0xx_hal_dma.o
HAL_DMA_PollForTransfer                           build/stm32f0xx_hal_dma.o
HAL_DMA_RegisterCallback                          build/stm32f0xx_hal_dma.o
HAL_DMA_Start                                     build/stm32f0xx_hal_dma.o
HAL_DMA_Start_IT                                  build/stm32f0xx_hal_dma.o
                                                  build/stm32f0xx_hal_i2c.o
                                                  build/stm32f0xx_hal_uart.o
HAL_DMA_UnRegisterCallback                        build/stm32f0xx_hal_dma.o
HAL_DeInit                                        build/stm32f0xx_hal.o
HAL_Delay                                         build/stm32f0xx_hal.o
                                                  build/main.o
HAL_EXTI_ClearConfigLine                          build/stm32f0xx_hal_exti.o
HAL_EXTI_ClearPending                             build/stm32f0xx_hal_exti.o
HAL_EXTI_GenerateSWI                              build/stm32f0xx_hal_exti.o
HAL_EXTI_GetConfigLine                            build/stm32f0xx_hal_exti.o
HAL_EXTI_GetHandle                                build/stm32f0xx_hal_exti.o
HAL_EXTI_GetPending                               build/stm32f0xx_hal_exti.o
HAL_EXTI_IRQHandler                               build/stm32f0xx_hal_exti.o
HAL_EXTI_RegisterCallback                         build/stm32f0xx_hal_exti.o
HAL_EXTI_SetConfigLine                            build/stm32f0xx_hal_exti.o
HAL_FLASHEx_Erase                                 build/stm32f0xx_hal_flash_ex.o
HAL_FLASHEx_Erase_IT                              build/stm32f0xx_hal_flash_ex.o
HAL_FLASHEx_OBErase                               build/stm32f0xx_hal_flash_ex.o
HAL_FLASHEx_OBGetConfig                           build/stm32f0xx_hal_flash_ex.o
HAL_FLASHEx_OBGetUserData                         build/stm32f0xx_hal_flash_ex.o
HAL_FLASHEx_OBProgram                             build/stm32f0xx_hal_flash_ex.o
HAL_FLASH_EndOfOperationCallback                  build/stm32f0xx_hal_flash.o
HAL_FLASH_GetError                                build/stm32f0xx_hal_flash.o
HAL_FLASH_IRQHandler                              build/stm32f0xx_hal_flash.o
HAL_FLASH_Lock                                    build/stm32f0xx_hal_flash.o
HAL_FLASH_OB_Launch                               build/stm32f0xx_hal_flash.o
HAL_FLASH_OB_Lock                                 build/stm32f0xx_hal_flash.o
HAL_FLASH_OB_Unlock                               build/stm32f0xx_hal_flash.o
HAL_FLASH_OperationErrorCallback                  build/stm32f0xx_hal_flash.o
HAL_FLASH_Program                                 build/stm32f0xx_hal_flash.o
HAL_FLASH_Program_IT                              build/stm32f0xx_hal_flash.o
HAL_FLASH_Unlock                                  build/stm32f0xx_hal_flash.o
HAL_GPIO_DeInit                                   build/stm32f0xx_hal_gpio.o
                                                  build/stm32f0xx_hal_msp.o
HAL_GPIO_EXTI_Callback                            build/main.o
                                                  build/stm32f0xx_it.o
HAL_GPIO_EXTI_IRQHandler                          build/stm32f0xx_hal_gpio.o
HAL_GPIO_Init                                     build/stm32f0xx_hal_gpio.o
                                                  build/stm32f0xx_hal_rcc.o
                                                  build/stm32f0xx_hal_msp.o
                                                  build/main.o
HAL_GPIO_LockPin                                  build/stm32f0xx_hal_gpio.o
HAL_GPIO_ReadPin                                  build/stm32f0xx_hal_gpio.o
HAL_GPIO_TogglePin                                build/stm32f0xx_hal_gpio.o
                                                  build/main.o
HAL_GPIO_WritePin                                 build/stm32f0xx_hal_gpio.o
                                                  build/main.o
HAL_GetDEVID                                      build/stm32f0xx_hal.o
HAL_GetHalVersion                                 build/stm32f0xx_hal.o
HAL_GetREVID                                      build/stm32f0xx_hal.o
HAL_GetTick                                       build/stm32f0xx_hal.o
                                                  build/stm32f0xx_hal_flash.o
                                                  build/stm32f0xx_hal_dma.o
                                                  build/stm32f0xx_hal_i2c.o
                                                  build/stm32f0xx_hal_rcc_ex.o
                                                  build/stm32f0xx_hal_rcc.o
                                                  build/stm32f0xx_hal_uart_ex.o
                                                  build/stm32f0xx_hal_uart.o
HAL_GetTickFreq                                   build/stm32f0xx_hal.o
HAL_GetTickPrio                                   build/stm32f0xx_hal.o
HAL_GetUIDw0                                      build/stm32f0xx_hal.o
HAL_GetUIDw1                                      build/stm32f0xx_hal.o
HAL_GetUIDw2                                      build/stm32f0xx_hal.o
HAL_HalfDuplex_EnableReceiver                     build/stm32f0xx_hal_uart.o
HAL_HalfDuplex_EnableTransmitter                  build/stm32f0xx_hal_uart.o
HAL_HalfDuplex_Init                               build/stm32f0xx_hal_uart.o
HAL_I2CEx_ConfigAnalogFilter                      build/stm32f0xx_hal_i2c_ex.o
HAL_I2CEx_ConfigDigitalFilter                     build/stm32f0xx_hal_i2c_ex.o
HAL_I2CEx_DisableFastModePlus                     build/stm32f0xx_hal_i2c_ex.o
HAL_I2CEx_DisableWakeUp                           build/stm32f0xx_hal_i2c_ex.o
HAL_I2CEx_EnableFastModePlus                      build/stm32f0xx_hal_i2c_ex.o
HAL_I2CEx_EnableWakeUp                            build/stm32f0xx_hal_i2c_ex.o
HAL_I2C_AbortCpltCallback                         build/stm32f0xx_hal_i2c.o
HAL_I2C_AddrCallback                              build/stm32f0xx_hal_i2c.o
HAL_I2C_DeInit                                    build/stm32f0xx_hal_i2c.o
HAL_I2C_DisableListen_IT                          build/stm32f0xx_hal_i2c.o
HAL_I2C_ER_IRQHandler                             build/stm32f0xx_hal_i2c.o
HAL_I2C_EV_IRQHandler                             build/stm32f0xx_hal_i2c.o
HAL_I2C_EnableListen_IT                           build/stm32f0xx_hal_i2c.o
HAL_I2C_ErrorCallback                             build/stm32f0xx_hal_i2c.o
HAL_I2C_GetError                                  build/stm32f0xx_hal_i2c.o
HAL_I2C_GetMode                                   build/stm32f0xx_hal_i2c.o
HAL_I2C_GetState                                  build/stm32f0xx_hal_i2c.o
HAL_I2C_Init                                      build/stm32f0xx_hal_i2c.o
HAL_I2C_IsDeviceReady                             build/stm32f0xx_hal_i2c.o
HAL_I2C_ListenCpltCallback                        build/stm32f0xx_hal_i2c.o
HAL_I2C_MasterRxCpltCallback                      build/stm32f0xx_hal_i2c.o
HAL_I2C_MasterTxCpltCallback                      build/stm32f0xx_hal_i2c.o
HAL_I2C_Master_Abort_IT                           build/stm32f0xx_hal_i2c.o
HAL_I2C_Master_Receive                            build/stm32f0xx_hal_i2c.o
HAL_I2C_Master_Receive_DMA                        build/stm32f0xx_hal_i2c.o
HAL_I2C_Master_Receive_IT                         build/stm32f0xx_hal_i2c.o
HAL_I2C_Master_Seq_Receive_DMA                    build/stm32f0xx_hal_i2c.o
HAL_I2C_Master_Seq_Receive_IT                     build/stm32f0xx_hal_i2c.o
HAL_I2C_Master_Seq_Transmit_DMA                   build/stm32f0xx_hal_i2c.o
HAL_I2C_Master_Seq_Transmit_IT                    build/stm32f0xx_hal_i2c.o
HAL_I2C_Master_Transmit                           build/stm32f0xx_hal_i2c.o
HAL_I2C_Master_Transmit_DMA                       build/stm32f0xx_hal_i2c.o
HAL_I2C_Master_Transmit_IT                        build/stm32f0xx_hal_i2c.o
HAL_I2C_MemRxCpltCallback                         build/stm32f0xx_hal_i2c.o
HAL_I2C_MemTxCpltCallback                         build/stm32f0xx_hal_i2c.o
HAL_I2C_Mem_Read                                  build/stm32f0xx_hal_i2c.o
HAL_I2C_Mem_Read_DMA                              build/stm32f0xx_hal_i2c.o
HAL_I2C_Mem_Read_IT                               build/stm32f0xx_hal_i2c.o
HAL_I2C_Mem_Write                                 build/stm32f0xx_hal_i2c.o
HAL_I2C_Mem_Write_DMA                             build/stm32f0xx_hal_i2c.o
HAL_I2C_Mem_Write_IT                              build/stm32f0xx_hal_i2c.o
HAL_I2C_MspDeInit                                 build/stm32f0xx_hal_i2c.o
HAL_I2C_MspInit                                   build/stm32f0xx_hal_i2c.o
HAL_I2C_SlaveRxCpltCallback                       build/stm32f0xx_hal_i2c.o
HAL_I2C_SlaveTxCpltCallback                       build/stm32f0xx_hal_i2c.o
HAL_I2C_Slave_Receive                             build/stm32f0xx_hal_i2c.o
HAL_I2C_Slave_Receive_DMA                         build/stm32f0xx_hal_i2c.o
HAL_I2C_Slave_Receive_IT                          build/stm32f0xx_hal_i2c.o
HAL_I2C_Slave_Seq_Receive_DMA                     build/stm32f0xx_hal_i2c.o
HAL_I2C_Slave_Seq_Receive_IT                      build/stm32f0xx_hal_i2c.o
HAL_I2C_Slave_Seq_Transmit_DMA                    build/stm32f0xx_hal_i2c.o
HAL_I2C_Slave_Seq_Transmit_IT                     build/stm32f0xx_hal_i2c.o
HAL_I2C_Slave_Transmit                            build/stm32f0xx_hal_i2c.o
HAL_I2C_Slave_Transmit_DMA                        build/stm32f0xx_hal_i2c.o
HAL_I2C_Slave_Transmit_IT                         build/stm32f0xx_hal_i2c.o
HAL_IncTick                                       build/stm32f0xx_hal.o
                                                  build/stm32f0xx_it.o
HAL_Init                                          build/stm32f0xx_hal.o
                                                  build/main.o
HAL_InitTick                                      build/stm32f0xx_hal.o
                                                  build/stm32f0xx_hal_rcc.o
HAL_LIN_Init                                      build/stm32f0xx_hal_uart.o
HAL_LIN_SendBreak                                 build/stm32f0xx_hal_uart.o
HAL_MspDeInit                                     build/stm32f0xx_hal.o
HAL_MspInit                                       build/stm32f0xx_hal_msp.o
HAL_MultiProcessorEx_AddressLength_Set            build/stm32f0xx_hal_uart_ex.o
HAL_MultiProcessor_DisableMuteMode                build/stm32f0xx_hal_uart.o
HAL_MultiProcessor_EnableMuteMode                 build/stm32f0xx_hal_uart.o
HAL_MultiProcessor_EnterMuteMode                  build/stm32f0xx_hal_uart.o
HAL_MultiProcessor_Init                           build/stm32f0xx_hal_uart.o
HAL_NVIC_ClearPendingIRQ                          build/stm32f0xx_hal_cortex.o
HAL_NVIC_DisableIRQ                               build/stm32f0xx_hal_cortex.o
HAL_NVIC_EnableIRQ                                build/stm32f0xx_hal_cortex.o
                                                  build/main.o
HAL_NVIC_GetPendingIRQ                            build/stm32f0xx_hal_cortex.o
HAL_NVIC_GetPriority                              build/stm32f0xx_hal_cortex.o
HAL_NVIC_SetPendingIRQ                            build/stm32f0xx_hal_cortex.o
HAL_NVIC_SetPriority                              build/stm32f0xx_hal_cortex.o
                                                  build/stm32f0xx_hal.o
                                                  build/main.o
HAL_NVIC_SystemReset                              build/stm32f0xx_hal_cortex.o
HAL_PWREx_DisableVddio2Monitor                    build/stm32f0xx_hal_pwr_ex.o
HAL_PWREx_EnableVddio2Monitor                     build/stm32f0xx_hal_pwr_ex.o
HAL_PWREx_Vddio2MonitorCallback                   build/stm32f0xx_hal_pwr_ex.o
HAL_PWREx_Vddio2Monitor_IRQHandler                build/stm32f0xx_hal_pwr_ex.o
HAL_PWR_ConfigPVD                                 build/stm32f0xx_hal_pwr_ex.o
HAL_PWR_DeInit                                    build/stm32f0xx_hal_pwr.o
HAL_PWR_DisableBkUpAccess                         build/stm32f0xx_hal_pwr.o
HAL_PWR_DisablePVD                                build/stm32f0xx_hal_pwr_ex.o
HAL_PWR_DisableSEVOnPend                          build/stm32f0xx_hal_pwr.o
HAL_PWR_DisableSleepOnExit                        build/stm32f0xx_hal_pwr.o
HAL_PWR_DisableWakeUpPin                          build/stm32f0xx_hal_pwr.o
HAL_PWR_EnableBkUpAccess                          build/stm32f0xx_hal_pwr.o
HAL_PWR_EnablePVD                                 build/stm32f0xx_hal_pwr_ex.o
HAL_PWR_EnableSEVOnPend                           build/stm32f0xx_hal_pwr.o
HAL_PWR_EnableSleepOnExit                         build/stm32f0xx_hal_pwr.o
HAL_PWR_EnableWakeUpPin                           build/stm32f0xx_hal_pwr.o
HAL_PWR_EnterSLEEPMode                            build/stm32f0xx_hal_pwr.o
HAL_PWR_EnterSTANDBYMode                          build/stm32f0xx_hal_pwr.o
HAL_PWR_EnterSTOPMode                             build/stm32f0xx_hal_pwr.o
HAL_PWR_PVDCallback                               build/stm32f0xx_hal_pwr_ex.o
HAL_PWR_PVD_IRQHandler                            build/stm32f0xx_hal_pwr_ex.o
HAL_RCCEx_CRSConfig                               build/stm32f0xx_hal_rcc_ex.o
HAL_RCCEx_CRSGetSynchronizationInfo               build/stm32f0xx_hal_rcc_ex.o
HAL_RCCEx_CRSSoftwareSynchronizationGenerate      build/stm32f0xx_hal_rcc_ex.o
HAL_RCCEx_CRSWaitSynchronization                  build/stm32f0xx_hal_rcc_ex.o
HAL_RCCEx_CRS_ErrorCallback                       build/stm32f0xx_hal_rcc_ex.o
HAL_RCCEx_CRS_ExpectedSyncCallback                build/stm32f0xx_hal_rcc_ex.o
HAL_RCCEx_CRS_IRQHandler                          build/stm32f0xx_hal_rcc_ex.o
HAL_RCCEx_CRS_SyncOkCallback                      build/stm32f0xx_hal_rcc_ex.o
HAL_RCCEx_CRS_SyncWarnCallback                    build/stm32f0xx_hal_rcc_ex.o
HAL_RCCEx_GetPeriphCLKConfig                      build/stm32f0xx_hal_rcc_ex.o
HAL_RCCEx_GetPeriphCLKFreq                        build/stm32f0xx_hal_rcc_ex.o
HAL_RCCEx_PeriphCLKConfig                         build/stm32f0xx_hal_rcc_ex.o
                                                  build/main.o
HAL_RCC_CSSCallback                               build/stm32f0xx_hal_rcc.o
HAL_RCC_ClockConfig                               build/stm32f0xx_hal_rcc.o
                                                  build/main.o
HAL_RCC_DeInit                                    build/stm32f0xx_hal_rcc.o
HAL_RCC_DisableCSS                                build/stm32f0xx_hal_rcc.o
HAL_RCC_EnableCSS                                 build/stm32f0xx_hal_rcc.o
HAL_RCC_GetClockConfig                            build/stm32f0xx_hal_rcc.o
HAL_RCC_GetHCLKFreq                               build/stm32f0xx_hal_rcc.o
HAL_RCC_GetOscConfig                              build/stm32f0xx_hal_rcc.o
HAL_RCC_GetPCLK1Freq                              build/stm32f0xx_hal_rcc.o
                                                  build/stm32f0xx_hal_rcc_ex.o
                                                  build/stm32f0xx_hal_uart.o
HAL_RCC_GetSysClockFreq                           build/stm32f0xx_hal_rcc.o
                                                  build/stm32f0xx_hal_rcc_ex.o
                                                  build/stm32f0xx_hal_uart.o
HAL_RCC_MCOConfig                                 build/stm32f0xx_hal_rcc.o
HAL_RCC_NMI_IRQHandler                            build/stm32f0xx_hal_rcc.o
HAL_RCC_OscConfig                                 build/stm32f0xx_hal_rcc.o
                                                  build/main.o
HAL_RS485Ex_Init                                  build/stm32f0xx_hal_uart_ex.o
HAL_ResumeTick                                    build/stm32f0xx_hal.o
HAL_SYSTICK_CLKSourceConfig                       build/stm32f0xx_hal_cortex.o
HAL_SYSTICK_Callback                              build/stm32f0xx_hal_cortex.o
HAL_SYSTICK_Config                                build/stm32f0xx_hal_cortex.o
                                                  build/stm32f0xx_hal.o
HAL_SYSTICK_IRQHandler                            build/stm32f0xx_hal_cortex.o
HAL_SetTickFreq                                   build/stm32f0xx_hal.o
HAL_SuspendTick                                   build/stm32f0xx_hal.o
HAL_UARTEx_DisableStopMode                        build/stm32f0xx_hal_uart_ex.o
HAL_UARTEx_EnableStopMode                         build/stm32f0xx_hal_uart_ex.o
HAL_UARTEx_StopModeWakeUpSourceConfig             build/stm32f0xx_hal_uart_ex.o
HAL_UARTEx_WakeupCallback                         build/stm32f0xx_hal_uart_ex.o
                                                  build/stm32f0xx_hal_uart.o
HAL_UART_Abort                                    build/stm32f0xx_hal_uart.o
HAL_UART_AbortCpltCallback                        build/stm32f0xx_hal_uart.o
HAL_UART_AbortReceive                             build/stm32f0xx_hal_uart.o
HAL_UART_AbortReceiveCpltCallback                 build/stm32f0xx_hal_uart.o
HAL_UART_AbortReceive_IT                          build/stm32f0xx_hal_uart.o
HAL_UART_AbortTransmit                            build/stm32f0xx_hal_uart.o
HAL_UART_AbortTransmitCpltCallback                build/stm32f0xx_hal_uart.o
HAL_UART_AbortTransmit_IT                         build/stm32f0xx_hal_uart.o
HAL_UART_Abort_IT                                 build/stm32f0xx_hal_uart.o
HAL_UART_DMAPause                                 build/stm32f0xx_hal_uart.o
HAL_UART_DMAResume                                build/stm32f0xx_hal_uart.o
HAL_UART_DMAStop                                  build/stm32f0xx_hal_uart.o
HAL_UART_DeInit                                   build/stm32f0xx_hal_uart.o
HAL_UART_DisableReceiverTimeout                   build/stm32f0xx_hal_uart.o
HAL_UART_EnableReceiverTimeout                    build/stm32f0xx_hal_uart.o
HAL_UART_ErrorCallback                            build/stm32f0xx_hal_uart.o
HAL_UART_GetError                                 build/stm32f0xx_hal_uart.o
HAL_UART_GetState                                 build/stm32f0xx_hal_uart.o
HAL_UART_IRQHandler                               build/stm32f0xx_hal_uart.o
                                                  build/stm32f0xx_it.o
HAL_UART_Init                                     build/stm32f0xx_hal_uart.o
                                                  build/main.o
HAL_UART_MspDeInit                                build/stm32f0xx_hal_msp.o
HAL_UART_MspInit                                  build/stm32f0xx_hal_msp.o
                                                  build/stm32f0xx_hal_uart_ex.o
HAL_UART_Receive                                  build/stm32f0xx_hal_uart.o
HAL_UART_Receive_DMA                              build/stm32f0xx_hal_uart.o
HAL_UART_Receive_IT                               build/stm32f0xx_hal_uart.o
HAL_UART_ReceiverTimeout_Config                   build/stm32f0xx_hal_uart.o
HAL_UART_RxCpltCallback                           build/stm32f0xx_hal_uart.o
HAL_UART_RxHalfCpltCallback                       build/stm32f0xx_hal_uart.o
HAL_UART_Transmit                                 build/stm32f0xx_hal_uart.o
                                                  build/main.o
HAL_UART_Transmit_DMA                             build/stm32f0xx_hal_uart.o
HAL_UART_Transmit_IT                              build/stm32f0xx_hal_uart.o
HAL_UART_TxCpltCallback                           build/main.o
HAL_UART_TxHalfCpltCallback                       build/stm32f0xx_hal_uart.o
HardFault_Handler                                 build/stm32f0xx_it.o
I2C1_IRQHandler                                   build/startup_stm32f091xc.o
I2C2_IRQHandler                                   build/startup_stm32f091xc.o
MY_USART1_UART_Init                               build/main.o
NMI_Handler                                       build/stm32f0xx_it.o
PVD_VDDIO2_IRQHandler                             build/startup_stm32f091xc.o
PendSV_Handler                                    build/stm32f0xx_it.o
RCC_CRS_IRQHandler                                build/startup_stm32f091xc.o
RTC_IRQHandler                                    build/startup_stm32f091xc.o
Reset_Handler                                     build/startup_stm32f091xc.o
SPI1_IRQHandler                                   build/startup_stm32f091xc.o
SPI2_IRQHandler                                   build/startup_stm32f091xc.o
SVC_Handler                                       build/stm32f0xx_it.o
SysTick_Handler                                   build/stm32f0xx_it.o
SystemClock_Config                                build/main.o
SystemCoreClock                                   build/system_stm32f0xx.o
                                                  build/stm32f0xx_hal.o
                                                  build/stm32f0xx_hal_rcc.o
SystemCoreClockUpdate                             build/system_stm32f0xx.o
SystemInit                                        build/system_stm32f0xx.o
                                                  build/startup_stm32f091xc.o
TIM14_IRQHandler                                  build/startup_stm32f091xc.o
TIM15_IRQHandler                                  build/startup_stm32f091xc.o
TIM16_IRQHandler                                  build/startup_stm32f091xc.o
TIM17_IRQHandler                                  build/startup_stm32f091xc.o
TIM1_BRK_UP_TRG_COM_IRQHandler                    build/startup_stm32f091xc.o
TIM1_CC_IRQHandler                                build/startup_stm32f091xc.o
TIM2_IRQHandler                                   build/startup_stm32f091xc.o
TIM3_IRQHandler                                   build/startup_stm32f091xc.o
TIM6_DAC_IRQHandler                               build/startup_stm32f091xc.o
TIM7_IRQHandler                                   build/startup_stm32f091xc.o
TSC_IRQHandler                                    build/startup_stm32f091xc.o
UART_AdvFeatureConfig                             build/stm32f0xx_hal_uart.o
                                                  build/stm32f0xx_hal_uart_ex.o
UART_CheckIdleState                               build/stm32f0xx_hal_uart.o
                                                  build/stm32f0xx_hal_uart_ex.o
UART_SetConfig                                    build/stm32f0xx_hal_uart.o
                                                  build/stm32f0xx_hal_uart_ex.o
UART_WaitOnFlagUntilTimeout                       build/stm32f0xx_hal_uart.o
                                                  build/stm32f0xx_hal_uart_ex.o
USART1_IRQHandler                                 build/startup_stm32f091xc.o
USART2_IRQHandler                                 build/stm32f0xx_it.o
USART3_8_IRQHandler                               build/startup_stm32f091xc.o
WWDG_IRQHandler                                   build/startup_stm32f091xc.o
__aeabi_idiv0                                     c:/program files (x86)/gnu tools arm embedded/9 2019-q4-major/bin/../lib/gcc/arm-none-eabi/9.2.1/thumb/v6-m/nofp\libgcc.a(_dvmd_tls.o)
                                                  c:/program files (x86)/gnu tools arm embedded/9 2019-q4-major/bin/../lib/gcc/arm-none-eabi/9.2.1/thumb/v6-m/nofp\libgcc.a(_udivsi3.o)
__aeabi_ldiv0                                     c:/program files (x86)/gnu tools arm embedded/9 2019-q4-major/bin/../lib/gcc/arm-none-eabi/9.2.1/thumb/v6-m/nofp\libgcc.a(_dvmd_tls.o)
__aeabi_uidiv                                     c:/program files (x86)/gnu tools arm embedded/9 2019-q4-major/bin/../lib/gcc/arm-none-eabi/9.2.1/thumb/v6-m/nofp\libgcc.a(_udivsi3.o)
                                                  build/system_stm32f0xx.o
                                                  build/stm32f0xx_hal_dma.o
                                                  build/stm32f0xx_hal.o
                                                  build/stm32f0xx_hal_rcc.o
                                                  build/stm32f0xx_hal_uart.o
__aeabi_uidivmod                                  c:/program files (x86)/gnu tools arm embedded/9 2019-q4-major/bin/../lib/gcc/arm-none-eabi/9.2.1/thumb/v6-m/nofp\libgcc.a(_udivsi3.o)
__bss_end__                                       c:/program files (x86)/gnu tools arm embedded/9 2019-q4-major/bin/../lib/gcc/arm-none-eabi/9.2.1/../../../../arm-none-eabi/lib/thumb/v6-m/nofp/crt0.o
__bss_start__                                     c:/program files (x86)/gnu tools arm embedded/9 2019-q4-major/bin/../lib/gcc/arm-none-eabi/9.2.1/../../../../arm-none-eabi/lib/thumb/v6-m/nofp/crt0.o
__call_exitprocs                                  c:/program files (x86)/gnu tools arm embedded/9 2019-q4-major/bin/../lib/gcc/arm-none-eabi/9.2.1/../../../../arm-none-eabi/lib/thumb/v6-m/nofp\libc_nano.a(lib_a-exit.o)
__deregister_frame_info                           c:/program files (x86)/gnu tools arm embedded/9 2019-q4-major/bin/../lib/gcc/arm-none-eabi/9.2.1/thumb/v6-m/nofp/crtbegin.o
__dso_handle                                      c:/program files (x86)/gnu tools arm embedded/9 2019-q4-major/bin/../lib/gcc/arm-none-eabi/9.2.1/thumb/v6-m/nofp/crtbegin.o
__init_array_end                                  c:/program files (x86)/gnu tools arm embedded/9 2019-q4-major/bin/../lib/gcc/arm-none-eabi/9.2.1/../../../../arm-none-eabi/lib/thumb/v6-m/nofp\libc_nano.a(lib_a-init.o)
__init_array_start                                c:/program files (x86)/gnu tools arm embedded/9 2019-q4-major/bin/../lib/gcc/arm-none-eabi/9.2.1/../../../../arm-none-eabi/lib/thumb/v6-m/nofp\libc_nano.a(lib_a-init.o)
__libc_fini_array                                 c:/program files (x86)/gnu tools arm embedded/9 2019-q4-major/bin/../lib/gcc/arm-none-eabi/9.2.1/../../../../arm-none-eabi/lib/thumb/v6-m/nofp/crt0.o
__libc_init_array                                 c:/program files (x86)/gnu tools arm embedded/9 2019-q4-major/bin/../lib/gcc/arm-none-eabi/9.2.1/../../../../arm-none-eabi/lib/thumb/v6-m/nofp\libc_nano.a(lib_a-init.o)
                                                  build/startup_stm32f091xc.o
                                                  c:/program files (x86)/gnu tools arm embedded/9 2019-q4-major/bin/../lib/gcc/arm-none-eabi/9.2.1/../../../../arm-none-eabi/lib/thumb/v6-m/nofp/crt0.o
__preinit_array_end                               c:/program files (x86)/gnu tools arm embedded/9 2019-q4-major/bin/../lib/gcc/arm-none-eabi/9.2.1/../../../../arm-none-eabi/lib/thumb/v6-m/nofp\libc_nano.a(lib_a-init.o)
__preinit_array_start                             c:/program files (x86)/gnu tools arm embedded/9 2019-q4-major/bin/../lib/gcc/arm-none-eabi/9.2.1/../../../../arm-none-eabi/lib/thumb/v6-m/nofp\libc_nano.a(lib_a-init.o)
__register_frame_info                             c:/program files (x86)/gnu tools arm embedded/9 2019-q4-major/bin/../lib/gcc/arm-none-eabi/9.2.1/thumb/v6-m/nofp/crtbegin.o
__sf_fake_stderr                                  c:/program files (x86)/gnu tools arm embedded/9 2019-q4-major/bin/../lib/gcc/arm-none-eabi/9.2.1/../../../../arm-none-eabi/lib/thumb/v6-m/nofp\libc_nano.a(lib_a-impure.o)
__sf_fake_stdin                                   c:/program files (x86)/gnu tools arm embedded/9 2019-q4-major/bin/../lib/gcc/arm-none-eabi/9.2.1/../../../../arm-none-eabi/lib/thumb/v6-m/nofp\libc_nano.a(lib_a-impure.o)
__sf_fake_stdout                                  c:/program files (x86)/gnu tools arm embedded/9 2019-q4-major/bin/../lib/gcc/arm-none-eabi/9.2.1/../../../../arm-none-eabi/lib/thumb/v6-m/nofp\libc_nano.a(lib_a-impure.o)
__stack                                           c:/program files (x86)/gnu tools arm embedded/9 2019-q4-major/bin/../lib/gcc/arm-none-eabi/9.2.1/../../../../arm-none-eabi/lib/thumb/v6-m/nofp/crt0.o
__udivsi3                                         c:/program files (x86)/gnu tools arm embedded/9 2019-q4-major/bin/../lib/gcc/arm-none-eabi/9.2.1/thumb/v6-m/nofp\libgcc.a(_udivsi3.o)
_ebss                                             build/startup_stm32f091xc.o
_edata                                            build/startup_stm32f091xc.o
_estack                                           build/startup_stm32f091xc.o
_exit                                             c:/program files (x86)/gnu tools arm embedded/9 2019-q4-major/bin/../lib/gcc/arm-none-eabi/9.2.1/../../../../arm-none-eabi/lib/thumb/v6-m/nofp\libnosys.a(_exit.o)
                                                  c:/program files (x86)/gnu tools arm embedded/9 2019-q4-major/bin/../lib/gcc/arm-none-eabi/9.2.1/../../../../arm-none-eabi/lib/thumb/v6-m/nofp\libc_nano.a(lib_a-exit.o)
_fini                                             c:/program files (x86)/gnu tools arm embedded/9 2019-q4-major/bin/../lib/gcc/arm-none-eabi/9.2.1/thumb/v6-m/nofp/crti.o
_global_impure_ptr                                c:/program files (x86)/gnu tools arm embedded/9 2019-q4-major/bin/../lib/gcc/arm-none-eabi/9.2.1/../../../../arm-none-eabi/lib/thumb/v6-m/nofp\libc_nano.a(lib_a-impure.o)
                                                  c:/program files (x86)/gnu tools arm embedded/9 2019-q4-major/bin/../lib/gcc/arm-none-eabi/9.2.1/../../../../arm-none-eabi/lib/thumb/v6-m/nofp\libc_nano.a(lib_a-exit.o)
_impure_ptr                                       c:/program files (x86)/gnu tools arm embedded/9 2019-q4-major/bin/../lib/gcc/arm-none-eabi/9.2.1/../../../../arm-none-eabi/lib/thumb/v6-m/nofp\libc_nano.a(lib_a-impure.o)
_init                                             c:/program files (x86)/gnu tools arm embedded/9 2019-q4-major/bin/../lib/gcc/arm-none-eabi/9.2.1/thumb/v6-m/nofp/crti.o
                                                  c:/program files (x86)/gnu tools arm embedded/9 2019-q4-major/bin/../lib/gcc/arm-none-eabi/9.2.1/../../../../arm-none-eabi/lib/thumb/v6-m/nofp\libc_nano.a(lib_a-init.o)
_mainCRTStartup                                   c:/program files (x86)/gnu tools arm embedded/9 2019-q4-major/bin/../lib/gcc/arm-none-eabi/9.2.1/../../../../arm-none-eabi/lib/thumb/v6-m/nofp/crt0.o
_sbss                                             build/startup_stm32f091xc.o
_sdata                                            build/startup_stm32f091xc.o
_sidata                                           build/startup_stm32f091xc.o
_start                                            c:/program files (x86)/gnu tools arm embedded/9 2019-q4-major/bin/../lib/gcc/arm-none-eabi/9.2.1/../../../../arm-none-eabi/lib/thumb/v6-m/nofp/crt0.o
atexit                                            c:/program files (x86)/gnu tools arm embedded/9 2019-q4-major/bin/../lib/gcc/arm-none-eabi/9.2.1/../../../../arm-none-eabi/lib/thumb/v6-m/nofp/crt0.o
exit                                              c:/program files (x86)/gnu tools arm embedded/9 2019-q4-major/bin/../lib/gcc/arm-none-eabi/9.2.1/../../../../arm-none-eabi/lib/thumb/v6-m/nofp\libc_nano.a(lib_a-exit.o)
                                                  c:/program files (x86)/gnu tools arm embedded/9 2019-q4-major/bin/../lib/gcc/arm-none-eabi/9.2.1/../../../../arm-none-eabi/lib/thumb/v6-m/nofp/crt0.o
g_pfnVectors                                      build/startup_stm32f091xc.o
hardware_init_hook                                c:/program files (x86)/gnu tools arm embedded/9 2019-q4-major/bin/../lib/gcc/arm-none-eabi/9.2.1/../../../../arm-none-eabi/lib/thumb/v6-m/nofp/crt0.o
huart1                                            build/main.o
huart2                                            build/main.o
                                                  build/stm32f0xx_it.o
main                                              build/main.o
                                                  build/startup_stm32f091xc.o
                                                  c:/program files (x86)/gnu tools arm embedded/9 2019-q4-major/bin/../lib/gcc/arm-none-eabi/9.2.1/../../../../arm-none-eabi/lib/thumb/v6-m/nofp/crt0.o
memset                                            c:/program files (x86)/gnu tools arm embedded/9 2019-q4-major/bin/../lib/gcc/arm-none-eabi/9.2.1/../../../../arm-none-eabi/lib/thumb/v6-m/nofp\libc_nano.a(lib_a-memset.o)
                                                  build/stm32f0xx_hal_msp.o
                                                  build/main.o
                                                  c:/program files (x86)/gnu tools arm embedded/9 2019-q4-major/bin/../lib/gcc/arm-none-eabi/9.2.1/../../../../arm-none-eabi/lib/thumb/v6-m/nofp/crt0.o
pFlash                                            build/stm32f0xx_hal_flash.o
                                                  build/stm32f0xx_hal_flash_ex.o
software_init_hook                                c:/program files (x86)/gnu tools arm embedded/9 2019-q4-major/bin/../lib/gcc/arm-none-eabi/9.2.1/../../../../arm-none-eabi/lib/thumb/v6-m/nofp/crt0.o
uwTick                                            build/stm32f0xx_hal.o
uwTickFreq                                        build/stm32f0xx_hal.o
uwTickPrio                                        build/stm32f0xx_hal.o
                                                  build/stm32f0xx_hal_rcc.o
