<html>
<body>
<pre>
<h1>µVision Build Log</h1>
<h2>Tool Versions:</h2>
IDE-Version: ¦ÌVision V5.18.0.0
Copyright (C) 2016 ARM Ltd and ARM Germany GmbH. All rights reserved.
License Information: d VulcanLiu@outlook.com, d, LIC=UJWP0-B92NV-12NLE-54D17-9EMBL-F5HCL
 
Tool Versions:
Toolchain:       MDK-ARM Standard  Version: 5.18
Toolchain Path:  D:\keil\ARM\ARMCC\Bin
C Compiler:      Armcc.exe V5.06 update 1 (build 61)
Assembler:       Armasm.exe V5.06 update 1 (build 61)
Linker/Locator:  ArmLink.exe V5.06 update 1 (build 61)
Library Manager: ArmAr.exe V5.06 update 1 (build 61)
Hex Converter:   FromElf.exe V5.06 update 1 (build 61)
CPU DLL:         SARMCM3.DLL V5.18
Dialog DLL:      DCM.DLL V1.13.6.0
Target DLL:      STLink\ST-LINKIII-KEIL_SWO.dll V2.0.18.0
Dialog DLL:      TCM.DLL V1.14.8.0
 
<h2>Project:</h2>
D:\01-Projects\Stm32\Vulcan-Stm32HAL-Study-Notes\20-F446RE-ADC-LL\MDK-ARM\20-F446RE-ADC-LL.uvprojx
Project File Date:  12/08/2020

<h2>Output:</h2>
*** Using Compiler 'V5.06 update 1 (build 61)', folder: 'D:\keil\ARM\ARMCC\Bin'
Rebuild target '20-F446RE-ADC-LL'
assembling startup_stm32f446xx.s...
compiling stm32f4xx_ll_exti.c...
compiling system_stm32f4xx.c...
compiling stm32f4xx_ll_gpio.c...
compiling stm32f4xx_ll_dma.c...
compiling stm32f4xx_ll_rcc.c...
compiling stm32f4xx_ll_adc.c...
compiling stm32f4xx_ll_utils.c...
compiling stm32f4xx_ll_usart.c...
compiling main.c...
compiling adc.c...
compiling gpio.c...
compiling stm32f4xx_it.c...
compiling usart.c...
linking...
Program Size: Code=2916 RO-data=508 RW-data=4 ZI-data=1028  
FromELF: creating hex file...
"20-F446RE-ADC-LL\20-F446RE-ADC-LL.axf" - 0 Error(s), 0 Warning(s).

<h2>Software Packages used:</h2>

Package Vendor: ARM
                http://www.keil.com/pack/ARM.CMSIS.4.5.0.pack
                ARM::CMSIS:CORE:4.3.0
                CMSIS (Cortex Microcontroller Software Interface Standard)
   * Component: CORE Version: 4.3.0

<h2>Collection of Component include folders:</h2>
  D:\01-Projects\Stm32\Vulcan-Stm32HAL-Study-Notes\20-F446RE-ADC-LL\MDK-ARM\RTE
  D:\keil\ARM\PACK\ARM\CMSIS\4.5.0\CMSIS\Include
  D:\keil\ARM\PACK\Keil\STM32F4xx_DFP\2.15.0\Drivers\CMSIS\Device\ST\STM32F4xx\Include

<h2>Collection of Component Files used:</h2>

   * Component: ARM::CMSIS:CORE:4.3.0
Build Time Elapsed:  00:00:13
</pre>
</body>
</html>
